{
  "decisions": 9,
  "queued": 11,
  "outcomes": [
    {
      "identifier": "BUILD-010",
      "outcome": "SUPPORTED",
      "expected": "SUPPORTED",
      "result": "DECIDED",
      "detail": {
        "concurrency_primitives": []
      }
    },
    {
      "identifier": "BUILD-013",
      "outcome": "SUPPORTED",
      "expected": "SUPPORTED",
      "result": "DECIDED",
      "detail": {
        "root_enforcement_configs": [],
        "runtime_enforcement_terms": []
      }
    },
    {
      "identifier": "BUILD-014",
      "outcome": "SUPPORTED",
      "expected": "SUPPORTED",
      "result": "DECIDED",
      "detail": {
        "wrappers": [
          "pmp-current-inner-cleanbug-rgcontrols-v3.html",
          "pmp-current-inner-cleanbug-rgcontrols-v4.html"
        ],
        "fallbacks": [
          "pmp-current-inner-cleanbug-rgcontrols-v4.html",
          "pmp-current-map.json",
          "pmp-route-guardian-current-loader-v9.html"
        ],
        "retirement_guards": []
      }
    },
    {
      "identifier": "DATA-006",
      "outcome": "DISPROVED",
      "expected": "DISPROVED",
      "result": "DECIDED",
      "detail": {
        "migration_module_reachable": true,
        "backup_module_reachable": true
      }
    },
    {
      "identifier": "DATA-011",
      "outcome": "UNRESOLVED",
      "expected": "SUPPORTED",
      "result": "REMAIN_QUEUED",
      "detail": {
        "wall_clock_calls": [
          "Date.now(",
          "new Date(",
          "toISOString("
        ],
        "trusted_or_monotonic_sources": [
          "performance.now("
        ]
      }
    },
    {
      "identifier": "DATA-012",
      "outcome": "SUPPORTED",
      "expected": "SUPPORTED",
      "result": "DECIDED",
      "detail": {
        "mutable_storage_writes": true,
        "tamper_evidence_terms": []
      }
    },
    {
      "identifier": "DATA-013",
      "outcome": "RUNTIME_TEST_OR_NONRUNTIME_EVIDENCE_REQUIRED",
      "expected": "RUNTIME_TEST_OR_NONRUNTIME_EVIDENCE_REQUIRED",
      "result": "REMAIN_QUEUED",
      "detail": {
        "queue": [
          "pmp-home-single-v6.html plus pmp-current-inner-cleanbug-rgcontrols-v3.html",
          "The final effective DOM after wrapper suppression and runtime injections has not been observed.",
          "Whether minimization, consent, retention display, export, and deletion controls are simultaneously present and usable.",
          "Local HTTPS server in a standards browser after pressing Open Latest App.",
          "Open the current door, press Open Latest App, capture the final DOM and exercise each named control with a redacted receipt.",
          "Static source includes storage-cleaning and export-related functions, but the wrapper alters visible controls; source alone cannot decide the complete UI claim.",
          "Any base-app control, wrapper suppression rule, injected script, route, or browser behavior changes."
        ]
      }
    },
    {
      "identifier": "GOV-012",
      "outcome": "RUNTIME_TEST_OR_NONRUNTIME_EVIDENCE_REQUIRED",
      "expected": "RUNTIME_TEST_OR_NONRUNTIME_EVIDENCE_REQUIRED",
      "result": "REMAIN_QUEUED",
      "detail": {
        "queue": [
          "Effective runtime chain and packet-output surfaces reachable from it",
          "A complete authoritative packet-by-packet output inventory is outside the runtime chain and has not been bound to every packet identifier.",
          "Whether every required human and machine record exists for every packet.",
          "Authoritative main repository plus approved packet index.",
          "Generate a digest-bound expected-versus-present inventory for every packet and independently verify completeness.",
          "The effective runtime cannot prove completeness of records that are not runtime-reachable.",
          "Packet inventory requirements, packet identifiers, expected artifacts, or repository contents change."
        ]
      }
    },
    {
      "identifier": "GOV-014",
      "outcome": "RUNTIME_TEST_OR_NONRUNTIME_EVIDENCE_REQUIRED",
      "expected": "RUNTIME_TEST_OR_NONRUNTIME_EVIDENCE_REQUIRED",
      "result": "REMAIN_QUEUED",
      "detail": {
        "queue": [
          "Current runtime graph and existing freeze receipts",
          "The freeze scope for historical, external, private, device, and provider state is not directly controlled by the runtime route.",
          "Whether the freeze covers every state named by the preserved claim.",
          "Authoritative main plus approved external/private evidence boundary.",
          "Produce a scope matrix covering current, historical, external, private, device, and provider state and verify each frozen or explicitly excluded cell.",
          "Runtime source proves only the current code path, not every historical or external state.",
          "Freeze scope, external state, private evidence, provider state, device state, or governing receipt changes."
        ]
      }
    },
    {
      "identifier": "GOV-015",
      "outcome": "SUPPORTED",
      "expected": "SUPPORTED",
      "result": "DECIDED",
      "detail": {
        "route_paths": [
          "pmp-app-current.html",
          "pmp-current-map-v9.json",
          "pmp-route-guardian-current-loader-v14.html",
          "pmp-current-inner-cleanbug-rgcontrols-v4.html"
        ],
        "pins": {
          "branch": false,
          "commit_sha": false,
          "content_digest": false
        }
      }
    },
    {
      "identifier": "OPS-015",
      "outcome": "RUNTIME_TEST_OR_NONRUNTIME_EVIDENCE_REQUIRED",
      "expected": "RUNTIME_TEST_OR_NONRUNTIME_EVIDENCE_REQUIRED",
      "result": "REMAIN_QUEUED",
      "detail": {
        "queue": [
          "pmp-current-map-v9.json and current runtime module surfaces",
          "No approved first-release/MVP scope record is directly controlling the runtime graph.",
          "Whether a bounded safe first release is frozen instead of implicitly exposing the wider module set.",
          "Authoritative main plus approved release-scope decision.",
          "Bind a release-scope manifest to exact reachable modules and verify that non-MVP modules are disabled or absent.",
          "Runtime reachability alone cannot prove the product scope decision or its acceptance boundary.",
          "Release scope, reachable modules, feature flags, or approval changes."
        ]
      }
    },
    {
      "identifier": "PLAT-001",
      "outcome": "RUNTIME_TEST_OR_NONRUNTIME_EVIDENCE_REQUIRED",
      "expected": "RUNTIME_TEST_OR_NONRUNTIME_EVIDENCE_REQUIRED",
      "result": "REMAIN_QUEUED",
      "detail": {
        "queue": [
          "pmp-app-current.html through the complete primary wrapper chain",
          "Physical Home Screen installation, cache, relaunch, and update behavior is not repository-provable.",
          "Install, cold launch, relaunch, cache refresh, and update behavior.",
          "Supported physical iPhone, exact iOS and Safari/WebKit version, Home Screen installed mode.",
          "Install once, record loaded URLs and digests, relaunch offline/online, change a cache key, and retain timestamped results.",
          "Source establishes intended routing but not installed-device cache behavior.",
          "Device, iOS/WebKit version, route, cache key, serving headers, or test result changes."
        ]
      }
    },
    {
      "identifier": "PLAT-004",
      "outcome": "RUNTIME_TEST_OR_NONRUNTIME_EVIDENCE_REQUIRED",
      "expected": "RUNTIME_TEST_OR_NONRUNTIME_EVIDENCE_REQUIRED",
      "result": "REMAIN_QUEUED",
      "detail": {
        "queue": [
          "pmp-app-current.html \u2192 map v9 \u2192 Route Guardian v14 \u2192 wrapper v4 \u2192 wrapper v3 \u2192 home v6",
          "The exact live frame ancestry and post-injection outermost order has not been observed.",
          "Actual frame URLs, load order, and injected-script order after manual open.",
          "Local or deployed HTTPS runtime in a browser with same-origin access.",
          "Press Open Latest App, capture each frame URL and ordered script list after injection settles, and hash the receipt.",
          "Static precedence proves intended order, not the final observed browser order.",
          "Any route, wrapper, injection timing, browser behavior, or serving origin changes."
        ]
      }
    },
    {
      "identifier": "PLAT-005",
      "outcome": "RUNTIME_TEST_OR_NONRUNTIME_EVIDENCE_REQUIRED",
      "expected": "RUNTIME_TEST_OR_NONRUNTIME_EVIDENCE_REQUIRED",
      "result": "REMAIN_QUEUED",
      "detail": {
        "queue": [
          "pmp-home-single-v6.html localStorage-backed Resident state",
          "The post-clear behavior has not been executed in a supported browser.",
          "Whether saved Resident context is lost after clearing site storage and reloading.",
          "Supported browser/device with non-secret seeded Resident context.",
          "Seed identifiable test context, verify persistence, clear site storage, reload, and record before/after values and UI state.",
          "Static storage calls strongly predict loss but do not prove the complete user-visible behavior.",
          "Storage keys, backup path, browser/device, synchronization behavior, or test result changes."
        ]
      }
    },
    {
      "identifier": "PLAT-009",
      "outcome": "SUPPORTED",
      "expected": "SUPPORTED",
      "result": "DECIDED",
      "detail": {
        "map_precedence": [
          "pmp-current-map-v9.json",
          "pmp-current-map.json"
        ],
        "current_loader": "pmp-route-guardian-current-loader-v14.html",
        "fallback_loader": "pmp-route-guardian-current-loader-v9.html",
        "fallback_is_older": true,
        "mixed_version_receipt_in_controlling_source": false
      }
    },
    {
      "identifier": "PROOF-001",
      "outcome": "RUNTIME_TEST_OR_NONRUNTIME_EVIDENCE_REQUIRED",
      "expected": "RUNTIME_TEST_OR_NONRUNTIME_EVIDENCE_REQUIRED",
      "result": "REMAIN_QUEUED",
      "detail": {
        "queue": [
          "Current runtime graph plus current executable test entry points",
          "No runtime-target manifest binds generated tests to the complete effective app chain and no current execution receipt covers it.",
          "Whether pre-code test designs became generated and executed tests against the current runtime.",
          "Authoritative main, exact runtime graph digest, and deterministic test environment.",
          "Generate a test manifest mapped to current runtime files, execute it, and retain pass/fail plus coverage digests.",
          "Repository verification workflows do not by themselves prove product-runtime test generation and execution.",
          "Runtime graph, test manifest, test implementation, environment, or receipt changes."
        ]
      }
    },
    {
      "identifier": "PROOF-008",
      "outcome": "RUNTIME_TEST_OR_NONRUNTIME_EVIDENCE_REQUIRED",
      "expected": "RUNTIME_TEST_OR_NONRUNTIME_EVIDENCE_REQUIRED",
      "result": "REMAIN_QUEUED",
      "detail": {
        "queue": [
          "Current runtime graph plus current executable test entry points",
          "No mutation, fuzz, property, or systematic fault-injection campaign is bound to the current graph.",
          "Execution and results of each named test class.",
          "Authoritative main and isolated deterministic test environment.",
          "Run one bounded campaign for each named class against identified runtime targets and retain seeds, mutants/faults, outcomes, and digests.",
          "Static runtime source cannot establish that these dynamic test classes were required and executed.",
          "Runtime targets, tools, seeds, properties, fault model, thresholds, or results change."
        ]
      }
    },
    {
      "identifier": "RUN-001",
      "outcome": "UNRESOLVED",
      "expected": "SUPPORTED",
      "result": "REMAIN_QUEUED",
      "detail": {
        "resident_run_found": false,
        "network_or_provider_terms": [],
        "body_sha256": null
      }
    },
    {
      "identifier": "RUN-008",
      "outcome": "SUPPORTED",
      "expected": "SUPPORTED",
      "result": "DECIDED",
      "detail": {
        "observer_or_comparator_terms": []
      }
    },
    {
      "identifier": "RUN-015",
      "outcome": "SUPPORTED",
      "expected": "SUPPORTED",
      "result": "DECIDED",
      "detail": {
        "manual_action_paths": [
          "bm.html",
          "bug-memory-current-clean-v1.html",
          "code-safety-v13.html",
          "index.html",
          "pmp-clean-v21.html",
          "pmp-home-single-v10.html",
          "pmp-home-single-v12.html",
          "pmp-home-single-v14.html",
          "pmp-home-single-v6.html",
          "pmp-route-guardian-action-v2.html",
          "private-bug-memory-hub-v9.html",
          "private-bug-mixer-lab-v1.html",
          "resident-notes-backend-v2.html",
          "resident-notes-catalog-v3.html",
          "resident-zip-xray-v2.html",
          "resident.html",
          "safe-writer-v14.html"
        ],
        "enforcement_terms": []
      }
    }
  ]
}
Traceback (most recent call last):
  File "/home/runner/work/pmp-bridge-shell/pmp-bridge-shell/tools/build_packet_01_5_runtime_source_v1.py", line 23, in <module>
    if __name__=='__main__':main()
                            ^^^^^^
  File "/home/runner/work/pmp-bridge-shell/pmp-bridge-shell/tools/build_packet_01_5_runtime_source_v1.py", line 11, in main
    data=compute();graph=data['graph'];family=data['family'];decisions=data['decisions'];remaining=data['remaining'];matrix=data['matrix'];tests=data['bounded_tests']
         ^^^^^^^^^
  File "/home/runner/work/pmp-bridge-shell/pmp-bridge-shell/tools/runtime_source_evaluate.py", line 38, in compute
    need(len(decisions)==11 and len(remaining)==9,'expected partition')
  File "/home/runner/work/pmp-bridge-shell/pmp-bridge-shell/tools/runtime_source_evaluate.py", line 10, in need
    if not value:raise ValueError(message)
                 ^^^^^^^^^^^^^^^^^^^^^^^^^
ValueError: expected partition
